<html><body><div>abc</div><div class="abc">abc</div></body></html>